
> @stellar/editor-core@0.1.0 test
> npm run build && node --test dist/*.test.js


> @stellar/editor-core@0.1.0 build
> tsc -p tsconfig.json

TAP version 13
# Subtest: read preserves bytes, resolves authored source keys and refuses repeated component instances
ok 1 - read preserves bytes, resolves authored source keys and refuses repeated component instances
  ---
  duration_ms: 57.156834
  type: 'test'
  ...
# Subtest: base and mobile edits change one declaration, reset it and keep neighboring bytes
ok 2 - base and mobile edits change one declaration, reset it and keep neighboring bytes
  ---
  duration_ms: 71.446459
  type: 'test'
  ...
# Subtest: token leaf change leaves aliases intact, scoped duplicates separate, no-op unchanged
ok 3 - token leaf change leaves aliases intact, scoped duplicates separate, no-op unchanged
  ---
  duration_ms: 42.829833
  type: 'test'
  ...
# Subtest: invalid values, alias corruption, unsupported Astro and malformed CSS refuse edits
ok 4 - invalid values, alias corruption, unsupported Astro and malformed CSS refuse edits
  ---
  duration_ms: 61.49725
  type: 'test'
  ...
# Subtest: UTF-8 prefixes preserve exact byte offsets and inverse bytes
ok 5 - UTF-8 prefixes preserve exact byte offsets and inverse bytes
  ---
  duration_ms: 17.926666
  type: 'test'
  ...
# Subtest: standard property casing identifies the authored declaration and refuses duplicate owners
ok 6 - standard property casing identifies the authored declaration and refuses duplicate owners
  ---
  duration_ms: 87.206333
  type: 'test'
  ...
# Subtest: escaped declaration names cannot hide standard or custom property owners
ok 7 - escaped declaration names cannot hide standard or custom property owners
  ---
  duration_ms: 48.866125
  type: 'test'
  ...
# Subtest: generated source variants preserve every byte outside the owned span and reverse exactly
    # Subtest: seed 0
    ok 1 - seed 0
      ---
      duration_ms: 137.091041
      type: 'test'
      ...
    # Subtest: seed 1
    ok 2 - seed 1
      ---
      duration_ms: 127.962166
      type: 'test'
      ...
    # Subtest: seed 2
    ok 3 - seed 2
      ---
      duration_ms: 126.589625
      type: 'test'
      ...
    # Subtest: seed 3
    ok 4 - seed 3
      ---
      duration_ms: 119.248875
      type: 'test'
      ...
    # Subtest: seed 4
    ok 5 - seed 4
      ---
      duration_ms: 119.112542
      type: 'test'
      ...
    # Subtest: seed 5
    ok 6 - seed 5
      ---
      duration_ms: 120.23175
      type: 'test'
      ...
    # Subtest: seed 6
    ok 7 - seed 6
      ---
      duration_ms: 116.546667
      type: 'test'
      ...
    # Subtest: seed 7
    ok 8 - seed 7
      ---
      duration_ms: 116.850125
      type: 'test'
      ...
    # Subtest: seed 8
    ok 9 - seed 8
      ---
      duration_ms: 113.996875
      type: 'test'
      ...
    # Subtest: seed 9
    ok 10 - seed 9
      ---
      duration_ms: 113.808209
      type: 'test'
      ...
    # Subtest: seed 10
    ok 11 - seed 10
      ---
      duration_ms: 117.914417
      type: 'test'
      ...
    # Subtest: seed 11
    ok 12 - seed 11
      ---
      duration_ms: 121.627
      type: 'test'
      ...
    # Subtest: seed 12
    ok 13 - seed 12
      ---
      duration_ms: 118.531917
      type: 'test'
      ...
    # Subtest: seed 13
    ok 14 - seed 13
      ---
      duration_ms: 122.852875
      type: 'test'
      ...
    # Subtest: seed 14
    ok 15 - seed 14
      ---
      duration_ms: 123.499125
      type: 'test'
      ...
    # Subtest: seed 15
    ok 16 - seed 15
      ---
      duration_ms: 126.148958
      type: 'test'
      ...
    # Subtest: seed 16
    ok 17 - seed 16
      ---
      duration_ms: 126.821792
      type: 'test'
      ...
    # Subtest: seed 17
    ok 18 - seed 17
      ---
      duration_ms: 123.220542
      type: 'test'
      ...
    # Subtest: seed 18
    ok 19 - seed 18
      ---
      duration_ms: 121.443042
      type: 'test'
      ...
    # Subtest: seed 19
    ok 20 - seed 19
      ---
      duration_ms: 121.052208
      type: 'test'
      ...
    # Subtest: seed 20
    ok 21 - seed 20
      ---
      duration_ms: 128.066084
      type: 'test'
      ...
    # Subtest: seed 21
    ok 22 - seed 21
      ---
      duration_ms: 126.89875
      type: 'test'
      ...
    # Subtest: seed 22
    ok 23 - seed 22
      ---
      duration_ms: 123.501792
      type: 'test'
      ...
    # Subtest: seed 23
    ok 24 - seed 23
      ---
      duration_ms: 126.684125
      type: 'test'
      ...
    # Subtest: seed 24
    ok 25 - seed 24
      ---
      duration_ms: 127.16075
      type: 'test'
      ...
    # Subtest: seed 25
    ok 26 - seed 25
      ---
      duration_ms: 126.369875
      type: 'test'
      ...
    # Subtest: seed 26
    ok 27 - seed 26
      ---
      duration_ms: 127.606625
      type: 'test'
      ...
    # Subtest: seed 27
    ok 28 - seed 27
      ---
      duration_ms: 131.213709
      type: 'test'
      ...
    # Subtest: seed 28
    ok 29 - seed 28
      ---
      duration_ms: 126.99025
      type: 'test'
      ...
    # Subtest: seed 29
    ok 30 - seed 29
      ---
      duration_ms: 126.7985
      type: 'test'
      ...
    # Subtest: seed 30
    ok 31 - seed 30
      ---
      duration_ms: 125.766
      type: 'test'
      ...
    # Subtest: seed 31
    ok 32 - seed 31
      ---
      duration_ms: 126.926042
      type: 'test'
      ...
    1..32
ok 8 - generated source variants preserve every byte outside the owned span and reverse exactly
  ---
  duration_ms: 3961.304875
  type: 'test'
  ...
# Subtest: a BOM-only source change invalidates the old target even if the revision is reused
ok 9 - a BOM-only source change invalidates the old target even if the revision is reused
  ---
  duration_ms: 15.366875
  type: 'test'
  ...
# Subtest: custom property names keep their case-sensitive ownership
ok 10 - custom property names keep their case-sensitive ownership
  ---
  duration_ms: 15.432417
  type: 'test'
  ...
1..10
# tests 42
# suites 0
# pass 42
# fail 0
# cancelled 0
# skipped 0
# todo 0
# duration_ms 5209.07025
